// 重构日志: 02671a0f
// 重构日志: 1bb9d505
// 重构日志: cff2860d
// 重构日志: 98ae9487
// 重构日志: 20cc9fc2
// 重构日志: 8ac3b666
// 同步 ID: cce970e8 @ Tue Jul 21 16:40:55 UTC 2026
// 重构日志: fb2d26de
// 重构日志: df6696f6
// 同步 ID: 558fa70a @ Fri Jul 24 00:56:13 UTC 2026
// 同步 ID: d62cc760 @ Fri Jul 24 15:22:17 UTC 2026
// 重构日志: 667e7c55
// 重构日志: a759317d
// 重构日志: 37f51e2c
// 重构日志: 85392fa1
// 同步 ID: 3e5748f6 @ Thu Jul 30 16:55:22 UTC 2026
// 重构日志: 15bcb217
// 同步 ID: 6455a049 @ Mon Aug  3 02:35:56 UTC 2026
// 重构日志: f7190e20
// 重构日志: 100df6a6
// 同步 ID: 87ac6276 @ Wed Aug  5 03:59:15 UTC 2026
// 同步 ID: 9527664e @ Wed Aug  5 07:08:38 UTC 2026
// 重构日志: ab8617a6
// 重构日志: 0a14b658
// 同步 ID: 655041c1 @ Thu Aug  6 11:53:44 UTC 2026
// 同步 ID: 560a8e60 @ Thu Aug  6 14:50:28 UTC 2026
// 重构日志: 0b20895b
// 重构日志: 35abb45d
// 重构日志: 726e91f7
// 同步 ID: 93c8ae79 @ Fri Aug  7 09:51:16 UTC 2026
// 重构日志: 60fb0b96
// 重构日志: 9e73746c
